----part 1 start----
[ 2026-07-05T22:04:15.994     1000:  2534:  2534 I/LSPosed-Bridge  ] NoSwipeToKill: hooked void com.android.server.am.ProcessCleanerBase.killOnce(com.android.server.am.ProcessRecord,int,java.lang.String,boolean,com.android.server.am.ProcessManagerService,java.lang.String,android.os.Handler,android.content.Context)
[ 2026-07-05T22:04:15.994     1000:  2534:  2534 I/LSPosed-Bridge  ] NoSwipeToKill: hooked void com.android.server.am.ProcessCleanerBase.killOnce(com.android.server.am.ProcessRecord,java.lang.String,int,android.os.Handler,android.content.Context)
[ 2026-07-05T22:04:16.018     1000:  2534:  2534 I/LSPosed-Bridge  ] [I/MaxFreeForm] Inited hook: RemoveSmallWindowRestrictions
[ 2026-07-05T22:04:16.021     1000:  2534:  2534 I/LSPosed-Bridge  ] [I/MaxFreeForm] Inited hook: UnlockForegroundPin
[ 2026-07-05T22:04:16.021     1000:  2534:  2534 I/LSPosed-Bridge  ] [I/MaxFreeForm] Inited hook: UnlockFreeformQuantityLimit
[ 2026-07-05T22:04:16.023     1000:  2534:  2534 I/LSPosed-Bridge  ] [I/MaxFreeForm] Inited package: Android
[ 2026-07-05T22:04:16.074     1000:  2534:  2534 I/LSPosed-Bridge  ] [HyperCeiler][I]: Log level is Warn
[ 2026-07-05T22:04:16.084     1000:  2534:  2534 I/LSPosed-Bridge  ] Disabled FLAG_SECURE for: android
[ 2026-07-05T22:04:16.104     1000:  2534:  2534 I/LSPosed-Bridge  ] NoActive-Log [信息] NoActive运行环境正常
[ 2026-07-05T22:04:16.136     1000:  2534:  2534 I/LSPosed-Bridge  ] NoActive-Log [信息] 当前版本 300
[ 2026-07-05T22:04:16.136     1000:  2534:  2534 I/LSPosed-Bridge  ] NoActive-Log [信息] 安卓版本 16
[ 2026-07-05T22:04:16.142     1000:  2534:  2534 I/LSPosed-Bridge  ] NoActive-Log [信息] 冻结方式 V2 支持
[ 2026-07-05T22:04:16.144     1000:  2534:  2534 I/LSPosed-Bridge  ] NoActive-Log [信息] 开始Hook 系统框架
[ 2026-07-05T22:04:16.152     1000:  2534:  2534 I/LSPosed-Bridge  ] NoActive-Log [信息] 获取Alarm管理服务
[ 2026-07-05T22:04:16.154     1000:  2534:  2534 I/LSPosed-Bridge  ] NoActive-Log [信息] 监听应用页面状态变化
[ 2026-07-05T22:04:16.154     1000:  2534:  2534 I/LSPosed-Bridge  ] NoActive-Log [信息] 监听待显示应用列表
[ 2026-07-05T22:04:16.155     1000:  2534:  2534 I/LSPosed-Bridge  ] NoActive-Log [信息] 监听窗口显示
[ 2026-07-05T22:04:16.155     1000:  2534:  2534 I/LSPosed-Bridge  ] NoActive-Log [信息] 监听窗口移除
[ 2026-07-05T22:04:16.156     1000:  2534:  2534 I/LSPosed-Bridge  ] NoActive-Log [信息] 监听进程新增成功
[ 2026-07-05T22:04:16.156     1000:  2534:  2534 I/LSPosed-Bridge  ] NoActive-Log [信息] 监听进程移除成功
[ 2026-07-05T22:04:16.157     1000:  2534:  2534 I/LSPosed-Bridge  ] NoActive-Log [信息] 监听进程更新PID
[ 2026-07-05T22:04:16.159     1000:  2534:  2534 I/LSPosed-Bridge  ] NoActive-Log [信息] 虚进程检测屏蔽成功
[ 2026-07-05T22:04:16.160     1000:  2534:  2534 I/LSPosed-Bridge  ] NoActive-Log [信息] 阻止清理闲置最近任务成功
[ 2026-07-05T22:04:16.161     1000:  2534:  2534 I/LSPosed-Bridge  ] NoActive-Log [信息] 修改最近任务是否可见成功
[ 2026-07-05T22:04:16.161     1000:  2534:  2534 I/LSPosed-Bridge  ] NoActive-Log [信息] 修改加载用户最近任务成功
[ 2026-07-05T22:04:16.162     1000:  2534:  2534 I/LSPosed-Bridge  ] NoActive-Log [信息] 监听通知点击成功
[ 2026-07-05T22:04:16.163     1000:  2534:  2534 I/LSPosed-Bridge  ] NoActive-Log [信息] 控制OOM计算成功
[ 2026-07-05T22:04:16.164     1000:  2534:  2534 I/LSPosed-Bridge  ] NoActive-Log [信息] 阻止计算被冻结应用的OOM
[ 2026-07-05T22:04:16.165     1000:  2534:  2534 I/LSPosed-Bridge  ] NoActive-Log [信息] 监听媒体会话开启
[ 2026-07-05T22:04:16.177     1000:  2534:  2534 I/LSPosed-Bridge  ] NoActive-Log [信息] 监听媒体会话关闭
[ 2026-07-05T22:04:16.178     1000:  2534:  2534 I/LSPosed-Bridge  ] NoActive-Log [信息] 监听媒体播放状态成功
[ 2026-07-05T22:04:16.178     1000:  2534:  2534 I/LSPosed-Bridge  ] NoActive-Log [信息] 监听媒体会话销毁
[ 2026-07-05T22:04:16.180     1000:  2534:  2534 I/LSPosed-Bridge  ] NoActive-Log [信息] 监听播放器事件成功
[ 2026-07-05T22:04:16.180     1000:  2534:  2534 I/LSPosed-Bridge  ] NoActive-Log [信息] 监听音频焦点恢复
[ 2026-07-05T22:04:16.181     1000:  2534:  2534 I/LSPosed-Bridge  ] NoActive-Log [信息] 监听音频焦点丢失
[ 2026-07-05T22:04:16.181     1000:  2534:  2534 I/LSPosed-Bridge  ] NoActive-Log [信息] 监听音频模式变更
[ 2026-07-05T22:04:16.182     1000:  2534:  2534 I/LSPosed-Bridge  ] NoActive-Log [信息] 限制冻结应用省电模式执行Alarm
[ 2026-07-05T22:04:16.182     1000:  2534:  2534 I/LSPosed-Bridge  ] NoActive-Log [信息] 限制冻结应用执行Alarm
[ 2026-07-05T22:04:16.183     1000:  2534:  2534 I/LSPosed-Bridge  ] NoActive-Log [信息] 监听定时器触发
[ 2026-07-05T22:04:16.184     1000:  2534:  2534 I/LSPosed-Bridge  ] NoActive-Log [信息] 限制冻结应用执行Job
[ 2026-07-05T22:04:16.184     1000:  2534:  2534 I/LSPosed-Bridge  ] NoActive-Log [信息] 监听意图启动成功
[ 2026-07-05T22:04:16.186     1000:  2534:  2534 I/LSPosed-Bridge  ] NoActive-Log [信息] 监听意图启动应用多页面
[ 2026-07-05T22:04:16.186     1000:  2534:  2534 I/LSPosed-Bridge  ] NoActive-Log [信息] 监听意图启动应用单页面
[ 2026-07-05T22:04:16.188     1000:  2534:  2534 I/LSPosed-Bridge  ] NoActive-Log [信息] 监听意图执行广播
[ 2026-07-05T22:04:16.189     1000:  2534:  2534 I/LSPosed-Bridge  ] NoActive-Log [信息] 监听意图启动服务
[ 2026-07-05T22:04:16.189     1000:  2534:  2534 I/LSPosed-Bridge  ] NoActive-Log [信息] 监听广播任务状态
[ 2026-07-05T22:04:16.190     1000:  2534:  2534 I/LSPosed-Bridge  ] NoActive-Log [信息] 监听广播冷启动
[ 2026-07-05T22:04:16.190     1000:  2534:  2534 I/LSPosed-Bridge  ] NoActive-Log [信息] 监听广播进程载入
[ 2026-07-05T22:04:16.191     1000:  2534:  2534 I/LSPosed-Bridge  ] NoActive-Log [信息] 监听广播进程清理
[ 2026-07-05T22:04:16.192     1000:  2534:  2534 I/LSPosed-Bridge  ] NoActive-Log [信息] 修改是否跳过静态广播成功
[ 2026-07-05T22:04:16.192     1000:  2534:  2534 I/LSPosed-Bridge  ] NoActive-Log [信息] 修改是否跳过动态广播成功
[ 2026-07-05T22:04:16.193     1000:  2534:  2534 I/LSPosed-Bridge  ] NoActive-Log [信息] 监听应用备份状态
[ 2026-07-05T22:04:16.194     1000:  2534:  2534 I/LSPosed-Bridge  ] NoActive-Log [信息] 监听VPN状态成功
[ 2026-07-05T22:04:16.196     1000:  2534:  2534 I/LSPosed-Bridge  ] NoActive-Log [信息] 共屏蔽4处应用无响应
[ 2026-07-05T22:04:16.197     1000:  2534:  2534 I/LSPosed-Bridge  ] NoActive-Log [信息] 特殊应用无响应拦截成功
[ 2026-07-05T22:04:16.197     1000:  2534:  2534 I/LSPosed-Bridge  ] NoActive-Log [信息] 监听系统启动完成
[ 2026-07-05T22:04:16.198     1000:  2534:  2534 I/LSPosed-Bridge  ] NoActive-Log [信息] 监听待启动服务
[ 2026-07-05T22:04:16.199     1000:  2534:  2534 I/LSPosed-Bridge  ] NoActive-Log [信息] 监听服务启动
[ 2026-07-05T22:04:16.200     1000:  2534:  2534 I/LSPosed-Bridge  ] NoActive-Log [信息] 监听开始录屏
[ 2026-07-05T22:04:16.201     1000:  2534:  2534 I/LSPosed-Bridge  ] NoActive-Log [信息] 监听停止录屏
[ 2026-07-05T22:04:16.201     1000:  2534:  2534 I/LSPosed-Bridge  ] NoActive-Log [信息] 获取Millet服务
[ 2026-07-05T22:04:16.205     1000:  2534:  2534 I/LSPosed-Bridge  ] NoActive-Log [信息] 监听Millet专属Binder通知
[ 2026-07-05T22:04:16.206     1000:  2534:  2534 I/LSPosed-Bridge  ] NoActive-Log [信息] 屏蔽Millet远程调用
[ 2026-07-05T22:04:16.206     1000:  2534:  2534 I/LSPosed-Bridge  ] NoActive-Log [信息] 监听Millet网络
[ 2026-07-05T22:04:16.207     1000:  2534:  2534 I/LSPosed-Bridge  ] NoActive-Log [信息] 启用Millet监听
[ 2026-07-05T22:04:16.207     1000:  2534:  2534 I/LSPosed-Bridge  ] NoActive-Log [信息] 禁用Millet服务
[ 2026-07-05T22:04:16.210     1000:  2534:  2534 I/LSPosed-Bridge  ] NoActive-Log [信息] 监听注册广播
[ 2026-07-05T22:04:16.217     1000:  2534:  2534 I/LSPosed-Bridge  ] NoActive-Log [信息] 系统框架 Hook完毕
[ 2026-07-05T22:04:16.227     1000:  2534:  2534 I/LSPosed-Bridge  ] NoActive-Log [信息] 监听配置文件变更
[ 2026-07-05T22:04:16.232     1000:  2534:  2534 I/LSPosed-Bridge  ] NoActive-Log [信息] 轮番解冻开启 每 600 秒解冻一个应用
[ 2026-07-05T22:04:16.706     1000:  2534:  2534 I/LSPosed-Bridge  ] NoActive-Log [信息] 监听待显示应用列表成功
[ 2026-07-05T22:04:16.712     1000:  2534:  2534 I/LSPosed-Bridge  ] NoActive-Log [信息] 安卓核心服务获取成功
[ 2026-07-05T22:04:16.712     1000:  2534:  2534 I/LSPosed-Bridge  ] NoActive-Log [信息] 监听应用备份状态
[ 2026-07-05T22:04:16.760     1000:  2534:  2534 I/LSPosed-Bridge  ] NoActive-Log [信息] 电池管理服务获取成功
[ 2026-07-05T22:04:20.208     1000:  2534:  2534 I/LSPosed-Bridge  ] [HyperCeiler][E][getAppsUsingInputMethod]: have e: java.lang.IllegalStateException: IInputMethodManager is not available, message: IInputMethodManager is not available
[ 2026-07-05T22:04:20.226     1000:  2534:  2534 I/LSPosed-Bridge  ] Disabled FLAG_SECURE for: com.android.providers.settings
[ 2026-07-05T22:04:20.585     1000:  2534:  2534 I/LSPosed-Bridge  ] Disabled FLAG_SECURE for: com.android.server.telecom
[ 2026-07-05T22:04:20.759     1000:  2534:  2534 I/LSPosed-Bridge  ] NoActive-Log [信息] Alarm管理服务获取成功
[ 2026-07-05T22:04:21.472     1000:  2534:  2534 I/LSPosed-Bridge  ] NoActive-Log [信息] 设备休眠控制器获取成功
[ 2026-07-05T22:04:21.518     1000:  2534:  2534 I/LSPosed-Bridge  ] NoActive-Log [信息] 网络管理服务获取成功
[ 2026-07-05T22:04:21.746     1000:  2534:  2534 I/LSPosed-Bridge  ] NoActive-Log [信息] 通知管理服务获取成功
[ 2026-07-05T22:04:21.746     1000:  2534:  2534 I/LSPosed-Bridge  ] NoActive-Log [信息] 监听通知列表成功
[ 2026-07-05T22:04:21.963     1000:  2534:  2534 I/LSPosed-Bridge  ] NoActive-Log [信息] Job定时管理服务获取成功
[ 2026-07-05T22:04:22.065     1000:  2534:  2534 I/LSPosed-Bridge  ] NoActive-Log [信息] 控制Millet监听网络
[ 2026-07-05T22:04:22.065     1000:  2534:  2534 I/LSPosed-Bridge  ] NoActive-Log [信息] 已获取Millet服务
[ 2026-07-05T22:04:22.966     1000:  2534:  2534 I/LSPosed-Bridge  ] NoActive-Log [信息] 安卓任务管理服务获取成功
[ 2026-07-05T22:04:22.978     1000:  2534:  2534 I/LSPosed-Bridge  ] NoActive-Log [信息] 进程列表代理对象获取成功
[ 2026-07-05T22:04:24.951     1000:  2534:  2534 I/LSPosed-Bridge  ] NoActive-Log [信息] 系统启动完成
[ 2026-07-05T22:04:24.955     1000:  2534:  2534 I/LSPosed-Bridge  ] NoActive-Log [信息] 注册屏幕状态广播
[ 2026-07-05T22:04:24.959     1000:  2534:  2534 I/LSPosed-Bridge  ] NoActive-Log [信息] 注册UID移除广播
[ 2026-07-05T22:04:25.024     1000:  2534:  2534 I/LSPosed-Bridge  ] NoActive-Log [信息] 注册应用安装卸载广播
[ 2026-07-05T22:04:25.025     1000:  2534:  2534 I/LSPosed-Bridge  ] NoActive-Log [信息] 监听AppOps使用
[ 2026-07-05T22:04:25.385    10139:  6838:  6838 I/LSPosed-Bridge  ] [I/MaxFreeForm] Inited package: Home
[ 2026-07-05T22:04:25.876     1000:  6810:  6810 I/LSPosed-Bridge  ] [I/MaxFreeForm] Inited hook: CanNotificationSlide
[ 2026-07-05T22:04:25.882     1000:  6810:  6810 I/LSPosed-Bridge  ] [I/MaxFreeForm] Inited hook: RemoveFreeformBottomBar
[ 2026-07-05T22:04:25.901     1000:  6810:  6810 I/LSPosed-Bridge  ] [I/MaxFreeForm] Inited hook: RemoveFreeformTopBar
[ 2026-07-05T22:04:25.906     1000:  6810:  6810 I/LSPosed-Bridge  ] [I/MaxFreeForm] Inited hook: RemoveFreeformTopBarForList
[ 2026-07-05T22:04:25.911     1000:  6810:  6810 I/LSPosed-Bridge  ] [I/MaxFreeForm] Inited hook: UnlockMultipleTask
[ 2026-07-05T22:04:25.911     1000:  6810:  6810 I/LSPosed-Bridge  ] [I/MaxFreeForm] Inited package: SystemUI
[ 2026-07-05T22:04:25.920     1000:  6810:  6810 I/LSPosed-Bridge  ] [I/MaxFreeForm] Inited hook: RemoveConversationBubbleSettingsRestriction in: com.android.systemui
[ 2026-07-05T22:04:25.920     1000:  6810:  6810 I/LSPosedContext  ] cn.buffcow.hyper5g: onPackageLoaded: com.android.systemui
[ 2026-07-05T22:04:25.968     1000:  2534:  6981 I/LSPosed-Bridge  ] NoActive-Log [信息] 开始Hook 系统界面
[ 2026-07-05T22:04:25.978     1000:  2534:  6978 I/LSPosed-Bridge  ] NoActive-Log [信息] 监听通知栏下拉磁贴点击
[ 2026-07-05T22:04:25.979     1000:  2534:  6978 I/LSPosed-Bridge  ] NoActive-Log [信息] 系统界面 Hook结束
[ 2026-07-05T22:04:30.887    10164:  7970:  7970 I/LSPosed-Bridge  ] [HyperCeiler][W][com.miui.misound][IncreaseSamplingRate]: hook com.miui.misound.mihearingassist.h.a failed by , by: java.lang.ClassNotFoundException: com.miui.misound.mihearingassist.h
[ 2026-07-05T22:04:30.887    10164:  7970:  7970 I/LSPosed-Bridge  ] [HyperCeiler][W][com.miui.misound][IncreaseSamplingRate]: hook com.miui.misound.mihearingassist.h.b failed by , by: java.lang.ClassNotFoundException: com.miui.misound.mihearingassist.h
[ 2026-07-05T22:04:30.897    10164:  7970:  7970 I/LSPosed-Bridge  ] [HyperCeiler][W][com.miui.misound][IncreaseSamplingRate]: hook com.miui.misound.mihearingassist.h.b failed by , by: java.lang.ClassNotFoundException: com.miui.misound.mihearingassist.h
[ 2026-07-05T22:04:31.601     1000:  2534:  5404 I/LSPosed-Bridge  ] NoActive-Log [信息] 屏蔽Millet远程调用成功
[ 2026-07-05T22:04:35.775     1000:  2534:  7744 I/LSPosed-Bridge  ] [HyperCeiler][E][CrashHook]: context: android.window.SystemUiContext@95f799c pkg: android proc: ProcessRecord{243072e 9341:com.accessibilitymanager/u0a269} crash: android.app.ApplicationErrorReport$ParcelableCrashInfo@ecffca8 short: java.lang.IllegalStateException long: java.lang.IllegalStateException: SharedPreferences in credential encrypted storage are not available until after user (id 0) is unlocked stack: java.lang.RuntimeException: Unable to start receiver com.accessibilitymanager.StartReceiver: java.lang.IllegalStateException: SharedPreferences in credential encrypted storage are not available until after user (id 0) is unlocked
	at android.app.ActivityThread.handleReceiver(ActivityThread.java:5535)
	at android.app.ActivityThread.-$$Nest$mhandleReceiver(Unknown Source:0)
	at android.app.ActivityThread$H.handleMessage(ActivityThread.java:2857)
	at android.os.Handler.dispatchMessage(Handler.java:114)
	at android.os.Looper.loopOnce(Looper.java:274)
	at android.os.Looper.loop(Looper.java:369)
	at android.app.ActivityThread.main(ActivityThread.java:10090)
	at java.lang.reflect.Method.invoke(Native Method)
	at com.android.internal.os.RuntimeInit$MethodAndArgsCaller.run(RuntimeInit.java:616)
	at com.android.internal.os.ZygoteInit.main(ZygoteInit.java:1137)
Caused by: java.lang.IllegalStateException: SharedPreferences in credential encrypted storage are not available until after user (id 0) is unlocked
	at android.app.ContextImpl.getSharedPreferences(ContextImpl.java:642)
	at android.app.ContextImpl.getSharedPreferences(ContextImpl.java:620)
	at android.content.ContextWrapper.getSharedPreferences(ContextWrapper.java:239)
	at android.content.ContextWrapper.getSharedPreferences(ContextWrapper.java:239)
	at com.accessibilitymanager.StartReceiver.onReceive(StartReceiver.java:19)
	at android.app.ActivityThread.handleReceiver(ActivityThread.java:5519)
	... 9 more
 time: 1783260275769 pid: 9341 uid: 10269
[ 2026-07-05T22:04:37.534     1000:  6810:  6810 I/LSPosedContext  ] cn.buffcow.hyper5g: [Hyper5G] Plugin for systemui control center created.
[ 2026-07-05T22:04:37.821     1000:  6810:  6810 I/LSPosedContext  ] cn.buffcow.hyper5g: [Hyper5G] onCreate, ctrl=miui.systemui.controlcenter.panel.secondary.detail.DetailPanelDelegate@ae14b07
[ 2026-07-05T22:04:37.823     1000:  6810:  6810 I/LSPosedContext  ] cn.buffcow.hyper5g: [Hyper5G] created moduleResources: android.content.res.MiuiResources@1ef0b73
[ 2026-07-05T22:04:41.194     1000:  2534:  7843 I/LSPosed-Bridge  ] NoActive-Log [信息] Millet通知正常
[ 2026-07-05T22:04:41.195     1000:  2534:  4721 I/LSPosed-Bridge  ] NoActive-Log [信息] ReKernel-X通知正常
[ 2026-07-05T22:04:41.196     1000:  2534:  4721 I/LSPosed-Bridge  ] NoActive-Log [信息] 取消监听Millet成功
[ 2026-07-05T22:04:41.196     1000:  2534:  4721 I/LSPosed-Bridge  ] NoActive-Log [信息] 取消获取Millet服务成功
[ 2026-07-05T22:04:41.196     1000:  2534:  4721 I/LSPosed-Bridge  ] NoActive-Log [信息] 取消监听Millet网络成功
[ 2026-07-05T22:04:43.520     1000:  2534:  4509 I/LSPosed-Bridge  ] NoActive-Log [信息] 屏蔽加载用户最近任务成功
[ 2026-07-05T22:04:45.212     1027: 10337: 10337 I/LSPosed-Bridge  ] [HyperCeiler][E][getPackageVersionName]: zrAGj.VKVjH.XNNiuaJ.TG.XposedHelpers$InvocationTargetError: android.content.pm.PackageParser$PackageParserException: Failed to read manifest from /system/app/NQNfcNci/NQNfcNci.apk
[ 2026-07-05T22:04:45.214     1027: 10337: 10337 I/LSPosed-Bridge  ] [HyperCeiler][E][getPackageVersionCode]: zrAGj.VKVjH.XNNiuaJ.TG.XposedHelpers$InvocationTargetError: android.content.pm.PackageParser$PackageParserException: Failed to read manifest from /system/app/NQNfcNci/NQNfcNci.apk
[ 2026-07-05T22:04:53.270     1000: 11687: 11687 I/LSPosed-Bridge  ] [HyperCeiler][E][com.xiaomi.aiasst.vision][NewAiCaptions]: Hook Failed: org.luckypray.dexkit.exceptions.NoResultException: No result found for query
	at org.luckypray.dexkit.result.BaseDataList.single(r8-map-id-6e239032b7679d01e4aa27b3359d05322c667ce1afd591077bfc26939379a12d:6)
	at r.d.b(r8-map-id-6e239032b7679d01e4aa27b3359d05322c667ce1afd591077bfc26939379a12d:8)
	at com.sevtinge.hyperceiler.hook.module.hook.aiasst.NewAiCaptions.getMethod_delegate$lambda$4$lambda$3(r8-map-id-6e239032b7679d01e4aa27b3359d05322c667ce1afd591077bfc26939379a12d:41)
	at com.sevtinge.hyperceiler.hook.module.hook.aiasst.NewAiCaptions.a(r8-map-id-6e239032b7679d01e4aa27b3359d05322c667ce1afd591077bfc26939379a12d:1)
	at com.sevtinge.hyperceiler.hook.module.hook.updater.a.dexkit(r8-map-id-6e239032b7679d01e4aa27b3359d05322c667ce1afd591077bfc26939379a12d:2)
	at com.sevtinge.hyperceiler.hook.module.base.dexkit.DexKit.findMember(r8-map-id-6e239032b7679d01e4aa27b3359d05322c667ce1afd591077bfc26939379a12d:5)
	at com.sevtinge.hyperceiler.hook.module.base.dexkit.DexKit.findMember(r8-map-id-6e239032b7679d01e4aa27b3359d05322c667ce1afd591077bfc26939379a12d:1)
	at com.sevtinge.hyperceiler.hook.module.hook.aiasst.NewAiCaptions.getMethod_delegate$lambda$4(r8-map-id-6e239032b7679d01e4aa27b3359d05322c667ce1afd591077bfc26939379a12d:17)
	at com.sevtinge.hyperceiler.hook.module.hook.aiasst.NewAiCaptions.e(r8-map-id-6e239032b7679d01e4aa27b3359d05322c667ce1afd591077bfc26939379a12d:1)
	at com.sevtinge.hyperceiler.hook.utils.blur.a.invoke(r8-map-id-6e239032b7679d01e4aa27b3359d05322c667ce1afd591077bfc26939379a12d:29)
	at I1.i.getValue(r8-map-id-6e239032b7679d01e4aa27b3359d05322c667ce1afd591077bfc26939379a12d:18)
	at com.sevtinge.hyperceiler.hook.module.hook.aiasst.NewAiCaptions.getGetMethod(r8-map-id-6e239032b7679d01e4aa27b3359d05322c667ce1afd591077bfc26939379a12d:3)
	at com.sevtinge.hyperceiler.hook.module.hook.aiasst.NewAiCaptions.init(r8-map-id-6e239032b7679d01e4aa27b3359d05322c667ce1afd591077bfc26939379a12d:9)
	at com.sevtinge.hyperceiler.hook.module.base.BaseHook.onCreate(r8-map-id-6e239032b7679d01e4aa27b3359d05322c667ce1afd591077bfc26939379a12d:4)
	at com.sevtinge.hyperceiler.hook.module.base.BaseModule.onCreate(r8-map-id-6e239032b7679d01e4aa27b3359d05322c667ce1afd591077bfc26939379a12d:9)
	at com.sevtinge.hyperceiler.hook.module.base.BaseModule.initHook(r8-map-id-6e239032b7679d01e4aa27b3359d05322c667ce1afd591077bfc26939379a12d:8)
	at com.sevtinge.hyperceiler.hook.module.base.BaseModule.initHook(r8-map-id-6e239032b7679d01e4aa27b3359d05322c667ce1afd591077bfc26939379a12d:2)
	at com.sevtinge.hyperceiler.hook.module.app.AiAsst.handleLoadPackage(r8-map-id-6e239032b7679d01e4aa27b3359d05322c667ce1afd591077bfc26939379a12d:18)
	at com.sevtinge.hyperceiler.hook.module.base.BaseModule.init(r8-map-id-6e239032b7679d01e4aa27b3359d05322c667ce1afd591077bfc26939379a12d:118)
	at com.sevtinge.hyperceiler.hook.f.accept(r8-map-id-6e239032b7679d01e4aa27b3359d05322c667ce1afd591077bfc26939379a12d:75)
	at java.util.HashMap.forEach(HashMap.java:1432)
	at com.sevtinge.hyperceiler.hook.XposedInit.invokeInit(r8-map-id-6e239032b7679d01e4aa27b3359d05322c667ce1afd591077bfc26939379a12d:90)
	at com.sevtinge.hyperceiler.hook.XposedInit.handleLoadPackage(r8-map-id-6e239032b7679d01e4aa27b3359d05322c667ce1afd591077bfc26939379a12d:198)
	at zrAGj.VKVjH.XNNiuaJ.TG.IXposedHookLoadPackage$Wrapper.handleLoadPackage(r8-map-id-1b503ce2d1eb437266e175dc68a023819023d9852a09899d29d782d634f0016f:3)
	at zrAGj.VKVjH.XNNiuaJ.TG.callbacks.XC_LoadPackage.call(r8-map-id-1b503ce2d1eb437266e175dc68a023819023d9852a09899d29d782d634f0016f:7)
	at zrAGj.VKVjH.XNNiuaJ.TG.callbacks.XCallback.callAll(r8-map-id-1b503ce2d1eb437266e175dc68a023819023d9852a09899d29d782d634f0016f:27)
	at g1.after(r8-map-id-1b503ce2d1eb437266e175dc68a023819023d9852a09899d29d782d634f0016f:402)
	at java.lang.reflect.Method.invoke(Native Method)
	at j0.callback(r8-map-id-1b503ce2d1eb437266e175dc68a023819023d9852a09899d29d782d634f0016f:291)
[ 2026-07-05T22:04:53.271     1000: 11687: 11687 I/LSPosed-Bridge  ] 	at LSPHooker_.createOrUpdateClassLoaderLocked(LSP)
	at android.app.LoadedApk.getClassLoader(LoadedApk.java:1221)
	at android.app.LoadedApk.getResources(LoadedApk.java:1480)
	at android.app.ContextImpl.createAppContext(ContextImpl.java:3509)
	at android.app.ContextImpl.createAppContext(ContextImpl.java:3500)
	at android.app.ActivityThread.handleBindApplication(ActivityThread.java:8536)
	at android.app.ActivityThread.-$$Nest$mhandleBindApplication(Unknown Source:0)
	at android.app.ActivityThread$H.handleMessage(ActivityThread.java:2826)
	at android.os.Handler.dispatchMessage(Handler.java:114)
	at android.os.Looper.loopOnce(Looper.java:274)
	at android.os.Looper.loop(Looper.java:369)
	at android.app.ActivityThread.main(ActivityThread.java:10090)
	at java.lang.reflect.Method.invoke(Native Method)
	at com.android.internal.os.RuntimeInit$MethodAndArgsCaller.run(RuntimeInit.java:616)
	at com.android.internal.os.ZygoteInit.main(ZygoteInit.java:1137)
[ 2026-07-05T22:04:54.702     1000:  2534:  4721 I/LSPosed-Bridge  ] NoActive-Log [信息] ReKernel-X通知Binder(SYNC) 临时解冻 moe.shizuku.privileged.api
[ 2026-07-05T22:05:07.604    10310: 16629: 16629 I/LSPosed-Bridge  ] [WaspWingTempCtrl] LoadPackage: com.flydigi.waspwing.experimental
[ 2026-07-05T22:05:07.604    10310: 16629: 16629 I/LSPosed-Bridge  ] [WaspWingTempCtrl] 模块已加载到 com.flydigi.waspwing.experimental
[ 2026-07-05T22:05:07.607    10310: 16629: 16629 I/LSPosed-Bridge  ] [WaspWingTempCtrl] 已钩住 AbstractBluetoothController.onDeviceConnected
[ 2026-07-05T22:05:07.610    10310: 16629: 16629 I/LSPosed-Bridge  ] [WaspWingTempCtrl] 已钩住 BluetoothViewModel.onDeviceConnected
[ 2026-07-05T22:05:07.613    10310: 16629: 16629 I/LSPosed-Bridge  ] [WaspWingTempCtrl] 已钩住 checkBluetoothPermission（强制返回 true）
[ 2026-07-05T22:05:07.615    10310: 16629: 16629 I/LSPosed-Bridge  ] [WaspWingTempCtrl] 已钩住 BluetoothGatt.disconnect（状态标记）
[ 2026-07-05T22:05:07.617    10310: 16629: 16629 I/LSPosed-Bridge  ] [WaspWingTempCtrl] 已钩住 BluetoothGatt.discoverServices
[ 2026-07-05T22:05:07.618    10310: 16629: 16629 I/LSPosed-Bridge  ] [WaspWingTempCtrl] 已钩住 LeDataInteractionController.connect
[ 2026-07-05T22:05:07.621    10310: 16629: 16629 I/LSPosed-Bridge  ] [WaspWingTempCtrl] 已钩住 GattCallback.onServicesDiscovered
[ 2026-07-05T22:05:07.623    10310: 16629: 16629 I/LSPosed-Bridge  ] [WaspWingTempCtrl] 已钩住 GattCallback.onConnectionStateChange（远程断联检测）
[ 2026-07-05T22:05:07.624    10310: 16629: 16629 I/LSPosed-Bridge  ] [WaspWingTempCtrl] 已钩住 WaspWingDataInteractionController.onGattConnected（BLE 状态恢复）
[ 2026-07-05T22:05:07.626    10310: 16629: 16629 I/LSPosed-Bridge  ] [WaspWingTempCtrl] 已钩住 SDK WaspwingViewModel.onGattConnected
[ 2026-07-05T22:05:07.628    10310: 16629: 16629 I/LSPosed-Bridge  ] [WaspWingTempCtrl] 已钩住 SDK WaspwingViewModel.onDeviceInfoUpdate
[ 2026-07-05T22:05:07.630    10310: 16629: 16629 I/LSPosed-Bridge  ] [WaspWingTempCtrl] 已钩住 AbstractDataInteractionController 构造（修复 runFetchLoop CPU 满载）
[ 2026-07-05T22:05:07.630    10310: 16629: 16629 I/LSPosed-Bridge  ] [WaspWingTempCtrl] 钩 B6ExperimentalActivity 失败: Didn't find class "com.flydigi.waspwing.experimental.B6ExperimentalActivity" on path: DexPathList[[zip file "/data/app/~~TtWILzk4jTQ7xrVfvQ6jEA==/com.flydigi.waspwing.experimental-5oVjTaKiP1MTxd1JMHd4ZA==/base.apk"],nativeLibraryDirectories=[/data/app/~~TtWILzk4jTQ7xrVfvQ6jEA==/com.flydigi.waspwing.experimental-5oVjTaKiP1MTxd1JMHd4ZA==/lib/arm64, /system/lib64, /system_ext/lib64]]
[ 2026-07-05T22:05:07.632    10310: 16629: 16629 I/LSPosed-Bridge  ] [WaspWingTempCtrl] 已钩住 WaspWingManager 构造函数
[ 2026-07-05T22:05:07.668    10310: 16629: 16629 I/LSPosed-Bridge  ] [WaspWingTempCtrl] 已注册 SET_TEMPERATURE 广播接收器 (RECEIVER_EXPORTED)
[ 2026-07-05T22:05:07.668    10310: 16629: 16629 I/LSPosed-Bridge  ] [WaspWingTempCtrl] 已捕获 WaspWingManager 实例
[ 2026-07-05T22:05:07.693    10310: 16629: 16629 I/LSPosed-Bridge  ] [WaspWingTempCtrl] runFetchLoop 队列已替换（空待 sleep 50ms）
[ 2026-07-05T22:05:07.779    10310: 16629: 16848 I/LSPosed-Bridge  ] [WaspWingTempCtrl] LoadPackage: com.miui.contentcatcher
[ 2026-07-05T22:05:07.779    10310: 16629: 16848 I/LSPosed-Bridge  ] [WaspWingTempCtrl] 跳过非目标包: com.miui.contentcatcher
[ 2026-07-05T22:05:10.227    10310: 16629: 16629 I/LSPosed-Bridge  ] [WaspWingTempCtrl] ViewModel 修复完成
[ 2026-07-05T22:05:10.234    10310: 16629: 16629 I/LSPosed-Bridge  ] [WaspWingTempCtrl] 控制器：扫描已停止，BLE 已连接
[ 2026-07-05T22:05:11.010    10310: 16629: 16778 I/LSPosed-Bridge  ] [WaspWingTempCtrl] [诊断] onServicesDiscovered 被调用了 status=0
[ 2026-07-05T22:05:15.530    10310: 16629: 16629 I/LSPosed-Bridge  ] [WaspWingTempCtrl] 收到广播 mode=1 temp=5 windOC=2000 coldOC=20 windLv=0
[ 2026-07-05T22:05:15.584    10310: 16629: 16629 I/LSPosed-Bridge  ] [WaspWingTempCtrl] 收到广播 mode=1 temp=5 windOC=2250 coldOC=40 windLv=0
[ 2026-07-05T22:05:18.513     1000:  2534:  4777 I/LSPosed-Bridge  ] NoActive-Log [信息] 广播冷启动 临时解冻 com.accessibilitymanager
[ 2026-07-05T22:05:20.705    10310: 16629: 16629 I/LSPosed-Bridge  ] [WaspWingTempCtrl] 收到广播 mode=1 temp=5 windOC=2500 coldOC=60 windLv=0
[ 2026-07-05T22:05:25.772    10122: 20709: 20709 I/LSPosed-Bridge  ] [HyperCeiler][E][com.miui.mishare.connectivity][UnlockTurboMode]: Hook Failed: org.luckypray.dexkit.exceptions.NoResultException: No result found for query
	at org.luckypray.dexkit.result.BaseDataList.single(r8-map-id-6e239032b7679d01e4aa27b3359d05322c667ce1afd591077bfc26939379a12d:6)
	at r.d.b(r8-map-id-6e239032b7679d01e4aa27b3359d05322c667ce1afd591077bfc26939379a12d:8)
	at com.sevtinge.hyperceiler.hook.module.hook.mishare.UnlockTurboMode.turboModeMethod_delegate$lambda$3$lambda$2(r8-map-id-6e239032b7679d01e4aa27b3359d05322c667ce1afd591077bfc26939379a12d:36)
	at com.sevtinge.hyperceiler.hook.module.hook.mishare.UnlockTurboMode.b(r8-map-id-6e239032b7679d01e4aa27b3359d05322c667ce1afd591077bfc26939379a12d:1)
	at com.sevtinge.hyperceiler.hook.module.hook.mediaeditor.d.dexkit(r8-map-id-6e239032b7679d01e4aa27b3359d05322c667ce1afd591077bfc26939379a12d:2)
	at com.sevtinge.hyperceiler.hook.module.base.dexkit.DexKit.findMember(r8-map-id-6e239032b7679d01e4aa27b3359d05322c667ce1afd591077bfc26939379a12d:5)
	at com.sevtinge.hyperceiler.hook.module.base.dexkit.DexKit.findMember(r8-map-id-6e239032b7679d01e4aa27b3359d05322c667ce1afd591077bfc26939379a12d:1)
	at com.sevtinge.hyperceiler.hook.module.hook.mishare.UnlockTurboMode.turboModeMethod_delegate$lambda$3(r8-map-id-6e239032b7679d01e4aa27b3359d05322c667ce1afd591077bfc26939379a12d:17)
	at com.sevtinge.hyperceiler.hook.module.hook.mishare.UnlockTurboMode.c(r8-map-id-6e239032b7679d01e4aa27b3359d05322c667ce1afd591077bfc26939379a12d:1)
	at com.sevtinge.hyperceiler.hook.module.hook.mediaeditor.a.invoke(r8-map-id-6e239032b7679d01e4aa27b3359d05322c667ce1afd591077bfc26939379a12d:6)
	at I1.i.getValue(r8-map-id-6e239032b7679d01e4aa27b3359d05322c667ce1afd591077bfc26939379a12d:18)
	at com.sevtinge.hyperceiler.hook.module.hook.mishare.UnlockTurboMode.getTurboModeMethod(r8-map-id-6e239032b7679d01e4aa27b3359d05322c667ce1afd591077bfc26939379a12d:3)
	at com.sevtinge.hyperceiler.hook.module.hook.mishare.UnlockTurboMode.init(r8-map-id-6e239032b7679d01e4aa27b3359d05322c667ce1afd591077bfc26939379a12d:3)
	at com.sevtinge.hyperceiler.hook.module.base.BaseHook.onCreate(r8-map-id-6e239032b7679d01e4aa27b3359d05322c667ce1afd591077bfc26939379a12d:4)
	at com.sevtinge.hyperceiler.hook.module.base.BaseModule.onCreate(r8-map-id-6e239032b7679d01e4aa27b3359d05322c667ce1afd591077bfc26939379a12d:9)
	at com.sevtinge.hyperceiler.hook.module.base.BaseModule.initHook(r8-map-id-6e239032b7679d01e4aa27b3359d05322c667ce1afd591077bfc26939379a12d:8)
	at com.sevtinge.hyperceiler.hook.module.base.BaseModule.initHook(r8-map-id-6e239032b7679d01e4aa27b3359d05322c667ce1afd591077bfc26939379a12d:2)
	at com.sevtinge.hyperceiler.hook.module.app.MiShare.handleLoadPackage(r8-map-id-6e239032b7679d01e4aa27b3359d05322c667ce1afd591077bfc26939379a12d:58)
	at com.sevtinge.hyperceiler.hook.module.base.BaseModule.init(r8-map-id-6e239032b7679d01e4aa27b3359d05322c667ce1afd591077bfc26939379a12d:118)
	at com.sevtinge.hyperceiler.hook.f.accept(r8-map-id-6e239032b7679d01e4aa27b3359d05322c667ce1afd591077bfc26939379a12d:75)
	at java.util.HashMap.forEach(HashMap.java:1432)
	at com.sevtinge.hyperceiler.hook.XposedInit.invokeInit(r8-map-id-6e239032b7679d01e4aa27b3359d05322c667ce1afd591077bfc26939379a12d:90)
	at com.sevtinge.hyperceiler.hook.XposedInit.handleLoadPackage(r8-map-id-6e239032b7679d01e4aa27b3359d05322c667ce1afd591077bfc26939379a12d:198)
	at zrAGj.VKVjH.XNNiuaJ.TG.IXposedHookLoadPackage$Wrapper.handleLoadPackage(r8-map-id-1b503ce2d1eb437266e175dc68a023819023d9852a09899d29d782d634f0016f:3)
	at zrAGj.VKVjH.XNNiuaJ.TG.callbacks.XC_LoadPackage.call(r8-map-id-1b503ce2d1eb437266e175dc68a023819023d9852a09899d29d782d634f0016f:7)
	at zrAGj.VKVjH.XNNiuaJ.TG.callbacks.XCallback.callAll(r8-map-id-1b503ce2d1eb437266e175dc68a023819023d9852a09899d29d782d634f0016f:27)
	at g1.after(r8-map-id-1b503ce2d1eb437266e175dc68a023819023d9852a09899d29d782d634f0016f:402)
	at java.lang.reflect.Method.invoke(Native Method)
[ 2026-07-05T22:05:25.772    10122: 20709: 20709 I/LSPosed-Bridge  ] 	at j0.callback(r8-map-id-1b503ce2d1eb437266e175dc68a023819023d9852a09899d29d782d634f0016f:291)
	at LSPHooker_.createOrUpdateClassLoaderLocked(LSP)
	at android.app.LoadedApk.getClassLoader(LoadedApk.java:1221)
	at android.app.LoadedApk.getResources(LoadedApk.java:1480)
	at android.app.ContextImpl.createAppContext(ContextImpl.java:3509)
	at android.app.ContextImpl.createAppContext(ContextImpl.java:3500)
	at android.app.ActivityThread.handleBindApplication(ActivityThread.java:8536)
	at android.app.ActivityThread.-$$Nest$mhandleBindApplication(Unknown Source:0)
	at android.app.ActivityThread$H.handleMessage(ActivityThread.java:2826)
	at android.os.Handler.dispatchMessage(Handler.java:114)
	at android.os.Looper.loopOnce(Looper.java:274)
	at android.os.Looper.loop(Looper.java:369)
	at android.app.ActivityThread.main(ActivityThread.java:10090)
	at java.lang.reflect.Method.invoke(Native Method)
	at com.android.internal.os.RuntimeInit$MethodAndArgsCaller.run(RuntimeInit.java:616)
	at com.android.internal.os.ZygoteInit.main(ZygoteInit.java:1137)
[ 2026-07-05T22:05:25.785    10310: 16629: 16629 I/LSPosed-Bridge  ] [WaspWingTempCtrl] 收到广播 mode=1 temp=5 windOC=2750 coldOC=80 windLv=0
[ 2026-07-05T22:05:30.860    10310: 16629: 16629 I/LSPosed-Bridge  ] [WaspWingTempCtrl] 收到广播 mode=1 temp=5 windOC=3000 coldOC=100 windLv=0
[ 2026-07-05T22:05:35.910    10310: 16629: 16629 I/LSPosed-Bridge  ] [WaspWingTempCtrl] 收到广播 mode=1 temp=5 windOC=3250 coldOC=120 windLv=0
[ 2026-07-05T22:05:40.937    10310: 16629: 16629 I/LSPosed-Bridge  ] [WaspWingTempCtrl] 收到广播 mode=1 temp=5 windOC=3500 coldOC=121 windLv=0
[ 2026-07-05T22:05:45.980    10310: 16629: 16629 I/LSPosed-Bridge  ] [WaspWingTempCtrl] 收到广播 mode=1 temp=5 windOC=3750 coldOC=121 windLv=0
[ 2026-07-05T22:05:51.012    10310: 16629: 16629 I/LSPosed-Bridge  ] [WaspWingTempCtrl] 收到广播 mode=1 temp=5 windOC=4000 coldOC=121 windLv=0
[ 2026-07-05T22:05:56.078    10310: 16629: 16629 I/LSPosed-Bridge  ] [WaspWingTempCtrl] 收到广播 mode=1 temp=5 windOC=4023 coldOC=121 windLv=0
[ 2026-07-05T22:06:01.150    10310: 16629: 16629 I/LSPosed-Bridge  ] [WaspWingTempCtrl] 收到广播 mode=1 temp=5 windOC=3849 coldOC=114 windLv=0
[ 2026-07-05T22:06:06.236    10310: 16629: 16629 I/LSPosed-Bridge  ] [WaspWingTempCtrl] 收到广播 mode=1 temp=5 windOC=3776 coldOC=111 windLv=0
[ 2026-07-05T22:06:06.933     1000:  2534:  4721 I/LSPosed-Bridge  ] NoActive-Log [信息] ReKernel-X通知Binder(SYNC) 临时解冻 moe.shizuku.privileged.api
[ 2026-07-05T22:06:11.311    10310: 16629: 16629 I/LSPosed-Bridge  ] [WaspWingTempCtrl] 收到广播 mode=1 temp=5 windOC=3751 coldOC=110 windLv=0
[ 2026-07-05T22:06:16.390    10310: 16629: 16629 I/LSPosed-Bridge  ] [WaspWingTempCtrl] 收到广播 mode=1 temp=5 windOC=3703 coldOC=108 windLv=0
[ 2026-07-05T22:06:21.492    10310: 16629: 16629 I/LSPosed-Bridge  ] [WaspWingTempCtrl] 收到广播 mode=1 temp=5 windOC=3656 coldOC=106 windLv=0
[ 2026-07-05T22:06:26.570    10310: 16629: 16629 I/LSPosed-Bridge  ] [WaspWingTempCtrl] 收到广播 mode=1 temp=5 windOC=3680 coldOC=107 windLv=0
[ 2026-07-05T22:06:31.644    10310: 16629: 16629 I/LSPosed-Bridge  ] [WaspWingTempCtrl] 收到广播 mode=1 temp=5 windOC=3656 coldOC=106 windLv=0
[ 2026-07-05T22:06:36.703    10310: 16629: 16629 I/LSPosed-Bridge  ] [WaspWingTempCtrl] 收到广播 mode=1 temp=5 windOC=3609 coldOC=104 windLv=0
[ 2026-07-05T22:06:41.784    10310: 16629: 16629 I/LSPosed-Bridge  ] [WaspWingTempCtrl] 收到广播 mode=1 temp=5 windOC=3539 coldOC=101 windLv=0
[ 2026-07-05T22:06:46.856    10310: 16629: 16629 I/LSPosed-Bridge  ] [WaspWingTempCtrl] 收到广播 mode=1 temp=5 windOC=3448 coldOC=97 windLv=0
[ 2026-07-05T22:06:51.913    10310: 16629: 16629 I/LSPosed-Bridge  ] [WaspWingTempCtrl] 收到广播 mode=1 temp=5 windOC=3380 coldOC=94 windLv=0
[ 2026-07-05T22:07:01.981    10310: 16629: 16629 I/LSPosed-Bridge  ] [WaspWingTempCtrl] 收到广播 mode=1 temp=5 windOC=3314 coldOC=91 windLv=0
[ 2026-07-05T22:07:17.042    10310: 16629: 16629 I/LSPosed-Bridge  ] [WaspWingTempCtrl] 收到广播 mode=1 temp=5 windOC=3270 coldOC=89 windLv=0
[ 2026-07-05T22:07:27.127    10310: 16629: 16629 I/LSPosed-Bridge  ] [WaspWingTempCtrl] 收到广播 mode=1 temp=5 windOC=3227 coldOC=87 windLv=0
[ 2026-07-05T22:07:37.214    10310: 16629: 16629 I/LSPosed-Bridge  ] [WaspWingTempCtrl] 收到广播 mode=1 temp=5 windOC=3206 coldOC=86 windLv=0
[ 2026-07-05T22:14:16.236     1000:  2534:  4727 I/LSPosed-Bridge  ] NoActive-Log [信息] 轮番解冻 临时解冻 com.eg.android.AlipayGphone
[ 2026-07-05T22:14:52.980    10310: 16629: 16629 I/LSPosed-Bridge  ] [WaspWingTempCtrl] 收到广播 mode=1 temp=5 windOC=3050 coldOC=75 windLv=0
[ 2026-07-05T22:15:03.058    10310: 16629: 16629 I/LSPosed-Bridge  ] [WaspWingTempCtrl] 收到广播 mode=1 temp=5 windOC=3300 coldOC=95 windLv=0
[ 2026-07-05T22:15:08.128    10310: 16629: 16629 I/LSPosed-Bridge  ] [WaspWingTempCtrl] 收到广播 mode=1 temp=5 windOC=3550 coldOC=115 windLv=0
[ 2026-07-05T22:15:13.244    10310: 16629: 16629 I/LSPosed-Bridge  ] [WaspWingTempCtrl] 收到广播 mode=1 temp=5 windOC=3800 coldOC=135 windLv=0
[ 2026-07-05T22:15:18.315    10310: 16629: 16629 I/LSPosed-Bridge  ] [WaspWingTempCtrl] 收到广播 mode=1 temp=5 windOC=4050 coldOC=145 windLv=0
[ 2026-07-05T22:15:23.393    10310: 16629: 16629 I/LSPosed-Bridge  ] [WaspWingTempCtrl] 收到广播 mode=1 temp=5 windOC=4300 coldOC=165 windLv=0
[ 2026-07-05T22:15:28.446    10310: 16629: 16629 I/LSPosed-Bridge  ] [WaspWingTempCtrl] 收到广播 mode=1 temp=5 windOC=4550 coldOC=185 windLv=0
[ 2026-07-05T22:15:33.504    10310: 16629: 16629 I/LSPosed-Bridge  ] [WaspWingTempCtrl] 收到广播 mode=1 temp=5 windOC=4800 coldOC=190 windLv=0
[ 2026-07-05T22:15:38.577    10310: 16629: 16629 I/LSPosed-Bridge  ] [WaspWingTempCtrl] 收到广播 mode=1 temp=5 windOC=5050 coldOC=190 windLv=0
[ 2026-07-05T22:15:43.662    10310: 16629: 16629 I/LSPosed-Bridge  ] [WaspWingTempCtrl] 收到广播 mode=1 temp=5 windOC=5300 coldOC=190 windLv=0
[ 2026-07-05T22:15:48.692    10310: 16629: 16629 I/LSPosed-Bridge  ] [WaspWingTempCtrl] 收到广播 mode=1 temp=5 windOC=5550 coldOC=190 windLv=0
[ 2026-07-05T22:15:53.759    10310: 16629: 16629 I/LSPosed-Bridge  ] [WaspWingTempCtrl] 收到广播 mode=1 temp=5 windOC=5800 coldOC=190 windLv=0
[ 2026-07-05T22:15:58.827    10310: 16629: 16629 I/LSPosed-Bridge  ] [WaspWingTempCtrl] 收到广播 mode=1 temp=5 windOC=6000 coldOC=190 windLv=0
[ 2026-07-05T22:16:52.525    10310: 16629: 16775 I/LSPosed-Bridge  ] [WaspWingTempCtrl] BLE 断联（onConnectionStateChange）
[ 2026-07-05T22:16:52.543    10310: 16629: 16775 I/LSPosed-Bridge  ] [WaspWingTempCtrl] BLE 断联
[ 2026-07-05T22:16:55.269    10310: 16629: 16629 I/LSPosed-Bridge  ] [WaspWingTempCtrl] [诊断] connect() 进入 device=50:54:7B:DF:AC:F4 state=0
[ 2026-07-05T22:16:55.276    10310: 16629: 16629 I/LSPosed-Bridge  ] [WaspWingTempCtrl] [诊断] connect() 退出 gatt=有值
[ 2026-07-05T22:16:55.510    10310: 16629: 16775 I/LSPosed-Bridge  ] [WaspWingTempCtrl] [诊断] discoverServices 被调用 device=Flydigi B6X
[ 2026-07-05T22:16:55.511    10310: 16629: 16775 I/LSPosed-Bridge  ] [WaspWingTempCtrl] [诊断] discoverServices 返回 true
[ 2026-07-05T22:16:55.514    10310: 16629: 16775 I/LSPosed-Bridge  ] [WaspWingTempCtrl] BLE 已连接（onGattConnected）
[ 2026-07-05T22:16:55.514    10310: 16629: 16775 I/LSPosed-Bridge  ] [WaspWingTempCtrl] [诊断]   services=0
[ 2026-07-05T22:16:55.531    10310: 16629: 16629 I/LSPosed-Bridge  ] [WaspWingTempCtrl] waspWingInfo 已更新 (connected=true)
[ 2026-07-05T22:16:55.531    10310: 16629: 16629 I/LSPosed-Bridge  ] [WaspWingTempCtrl] ViewModel 修复完成
[ 2026-07-05T22:16:55.534    10310: 16629: 16629 I/LSPosed-Bridge  ] [WaspWingTempCtrl] waspWingInfo 已更新 (connected=true)
[ 2026-07-05T22:16:55.534    10310: 16629: 16629 I/LSPosed-Bridge  ] [WaspWingTempCtrl] ViewModel 修复完成
[ 2026-07-05T22:16:55.536    10310: 16629: 16629 I/LSPosed-Bridge  ] [WaspWingTempCtrl] 控制器：扫描已停止，BLE 已连接
[ 2026-07-05T22:16:56.438    10310: 16629: 28077 I/LSPosed-Bridge  ] [WaspWingTempCtrl] [诊断] onServicesDiscovered 被调用了 status=0
[ 2026-07-05T22:16:59.007    10310: 16629: 16629 I/LSPosed-Bridge  ] [WaspWingTempCtrl] 收到广播 mode=1 temp=0 windOC=6000 coldOC=190 windLv=0
[ 2026-07-05T22:21:42.650     1000:  2534:  7762 I/LSPosed-Bridge  ] NoActive-Log [信息] 网络解冻 临时解冻 com.tencent.mm
[ 2026-07-05T22:21:52.981     1000:  2534:  4721 I/LSPosed-Bridge  ] NoActive-Log [信息] ReKernel-X通知网络 临时解冻 com.tencent.mm
[ 2026-07-05T22:22:01.074     1000:  2534:  4721 I/LSPosed-Bridge  ] NoActive-Log [信息] ReKernel-X通知网络 临时解冻 com.tencent.mm
[ 2026-07-05T22:22:06.151     1000:  2534:  4721 I/LSPosed-Bridge  ] NoActive-Log [信息] ReKernel-X通知网络 临时解冻 com.tencent.mm
[ 2026-07-05T22:22:17.475     1000:  2534:  4721 I/LSPosed-Bridge  ] NoActive-Log [信息] ReKernel-X通知网络 临时解冻 com.tencent.mm
[ 2026-07-05T22:22:59.540     1000:  2534:  4721 I/LSPosed-Bridge  ] NoActive-Log [信息] ReKernel-X通知网络 临时解冻 com.tencent.mm
[ 2026-07-05T22:24:16.252     1000:  2534:  4727 I/LSPosed-Bridge  ] NoActive-Log [信息] 轮番解冻 临时解冻 com.eg.android.AlipayGphone
[ 2026-07-05T22:25:30.780     1000:  2534:  5404 I/LSPosed-Bridge  ] NoActive-Log [信息] 定时器触发 临时解冻 com.tencent.mm
[ 2026-07-05T22:28:47.357     1000:  2534:  5404 I/LSPosed-Bridge  ] NoActive-Log [信息] 定时器触发 临时解冻 com.tencent.mm
[ 2026-07-05T22:29:00.969     1000:  2534:  5404 I/LSPosed-Bridge  ] NoActive-Log [信息] 定时器触发 临时解冻 com.tencent.mm
[ 2026-07-05T22:29:49.867    10310: 16629: 29757 I/LSPosed-Bridge  ] [WaspWingTempCtrl] BLE 断联（onConnectionStateChange）
[ 2026-07-05T22:29:49.876    10310: 16629: 29757 I/LSPosed-Bridge  ] [WaspWingTempCtrl] BLE 断联
